Test Results Log
================================================================================
